Hello Paul
We're please do announce this new cool thing

It's so cool you have no idea!
